
SQL> CREATE TABLE PRODUCT1929100(PRODUCTNO VARCHAR2(10),QTY_ORDER VARCHAR2(10),RATE NUMBER(10,2),PRIMARY KEY(PRODUCTNO));

Table created.

SQL> CREATE TABLE CLIENT1929100(CLIENTNO VARCHAR2(10),NAME VARCHAR2(10),CITY VARCHAR(10),SALARY NUMBER(10,2), UNIQUE(CLIENTNO));

Table created.
 
SQL> CREATE TABLE EMPLOYEE1929100(EMPNO VARCHAR2(10),FNAME VARCHAR2(10),MNAME VARCHAR2(10),LNAME VARCHAR2(10));

Table created.
 
SQL> ALTER TABLE EMPLOYEE1929100 ADD CONSTRAINT C1 CHECK (EMPNO LIKE 'E%');

Table altered.

SQL> ALTER TABLE EMPLOYEE1929100 ADD CONSTRAINT C2 CHECK  (FNAME = UPPER(FNAME) AND LNAME = UPPER(LNAME));

Table altered.

SQL> DROP TABLE CUSTOMER1929100;

Table dropped.

SQL> CREATE TABLE CUSTOMER1929100(CUSTOMERNO VARCHAR2(10) NOT NULL ,NAME VARCHAR2(10) NOT NULL,SALARY NUMBER(10,2),ADDRESS VARCHAR2(10));

Table created.

SQL> CREATE TABLE SALESORDERDETAILS(DORDERNO VARCHAR(10) PRIMARY KEY, PRODUCTNO VARCHAR(10), QTYORDER NUMBER(8,2), RATE NUMBER(10,2));

Table created.

SQL> CREATE TABLE SALESORDER(ORDERNO VARCHAR(10) PRIMARY KEY, ORDERDATE DATE, CLIENTNO VARCHAR(10), ORDERSTATUS VARCHAR(10));

Table created.

SQL> ALTER TABLE SALESORDER ADD CONSTRAINT C3 FOREIGN KEY(ORDERNO) REFERENCES SALESORDERDETAILS(DORDERNO);

Table altered.

SQL> ALTER TABLE SALESORDER ADD CONSTRAINT C4 FOREIGN KEY(ORDERNO) REFERENCES SALESORDERDETAILS(DORDERNO) ON DELETE CASCADE;
ALTER TABLE SALESORDER ADD CONSTRAINT C4 FOREIGN KEY(ORDERNO) REFERENCES SALESORDERDETAILS(DORDERNO) ON DELETE CASCADE
                                         *
ERROR at line 1:
ORA-02275: such a referential constraint already exists in the table 


SQL> ALTER TABLE SALESORDER ADD CONSTRAINT C4 FOREIGN KEY(ORDERNO) REFERENCES SALESORDERDETAILS(DORDERNO) ON DELETE CASCADE;
ALTER TABLE SALESORDER ADD CONSTRAINT C4 FOREIGN KEY(ORDERNO) REFERENCES SALESORDERDETAILS(DORDERNO) ON DELETE CASCADE
                                         *
ERROR at line 1:
ORA-02275: such a referential constraint already exists in the table 


SQL> ALTER TABLE SALESORDER ADD CONSTRAINT C5 FOREIGN KEY(ORDERNO) REFERENCES SALESORDERDETAILS(DORDERNO) ON DELETE SET NULL;
ALTER TABLE SALESORDER ADD CONSTRAINT C5 FOREIGN KEY(ORDERNO) REFERENCES SALESORDERDETAILS(DORDERNO) ON DELETE SET NULL
                                         *
ERROR at line 1:
ORA-02275: such a referential constraint already exists in the table 


SQL> ALTER TABLE SALESORDER ADD CONSTRAINT C5 FOREIGN KEY(ORDERNO) REFERENCES SALESORDERDETAILS(DORDERNO) ON DELETE SET NULL;
ALTER TABLE SALESORDER ADD CONSTRAINT C5 FOREIGN KEY(ORDERNO) REFERENCES SALESORDERDETAILS(DORDERNO) ON DELETE SET NULL
                                         *
ERROR at line 1:
ORA-02275: such a referential constraint already exists in the table 


SQL> ALTER TABLE EMPLOYEE ADD CONSTRAINT C6 PRIMARY KEY (FNAME);
ALTER TABLE EMPLOYEE ADD CONSTRAINT C6 PRIMARY KEY (FNAME)
*
ERROR at line 1:
ORA-00942: table or view does not exist 


SQL> CREATE TABLE SALESORDER10(ORDERNO VARCHAR2(10), PRODUCTNO VARCHAR2(10), QTYORDER NUMBER(8,2), RATE NUMBER(10,2));

Table created.

SQL> 
SQL> ALTER TABLE SALESORDER10 ADD CONSTRAINT C10 FOREIGN KEY(ORDERNO) REFERENCES SALESORDERDETAILS(DORDERNO);

Table altered.

SQL> ALTER TABLE EMPLOYEE DROP CONSTRAINT C6;
ALTER TABLE EMPLOYEE DROP CONSTRAINT C6
*
ERROR at line 1:
ORA-00942: table or view does not exist 


SQL> ALTER TABLE SALESORDER10 DROP CONSTRAINT C10;

Table altered. 
 
SQL> SPOOL OUT;
